[    0.000000] Linux version 4.15.0-189-generic (buildd@lcy02-amd64-039) (gcc version 7.5.0 (Ubuntu 7.5.0-3ubuntu1~18.04)) #200-Ubuntu SMP Wed Jun 22 19:53:37 UTC 2022 (Ubuntu 4.15.0-189.200-generic 4.15.18)
[    0.000000] Command line: BOOT_IMAGE=/boot/vmlinuz-4.15.0-189-generic root=LABEL=cloudimg-rootfs ro console=tty1 console=ttyS0
[    0.000000] KERNEL supported cpus:
[    0.000000]   Intel GenuineIntel
[    0.000000]   AMD AuthenticAMD
[    0.000000]   Centaur CentaurHauls
[    0.000000] x86/fpu: Supporting XSAVE feature 0x001: 'x87 floating point registers'
[    0.000000] x86/fpu: Supporting XSAVE feature 0x002: 'SSE registers'
[    0.000000] x86/fpu: Supporting XSAVE feature 0x004: 'AVX registers'
[    0.000000] x86/fpu: xstate_offset[2]:  576, xstate_sizes[2]:  256
[    0.000000] x86/fpu: Enabled xstate features 0x7, context size is 832 bytes, using 'standard' format.
[    0.000000] e820: BIOS-provided physical RAM map:
[    0.000000] BIOS-e820: [mem 0x0000000000000000-0x000000000009fbff] usable
[    0.000000] BIOS-e820: [mem 0x000000000009fc00-0x000000000009ffff] reserved
[    0.000000] BIOS-e820: [mem 0x00000000000f0000-0x00000000000fffff] reserved
[    0.000000] BIOS-e820: [mem 0x0000000000100000-0x000000003ffeffff] usable
[    0.000000] BIOS-e820: [mem 0x000000003fff0000-0x000000003fffffff] ACPI data
[    0.000000] BIOS-e820: [mem 0x00000000fec00000-0x00000000fec00fff] reserved
[    0.000000] BIOS-e820: [mem 0x00000000fee00000-0x00000000fee00fff] reserved
[    0.000000] BIOS-e820: [mem 0x00000000fffc0000-0x00000000ffffffff] reserved
[    0.000000] NX (Execute Disable) protection: active
[    0.000000] SMBIOS 2.5 present.
[    0.000000] DMI: innotek GmbH VirtualBox/VirtualBox, BIOS VirtualBox 12/01/2006
[    0.000000] Hypervisor detected: KVM
[    0.000000] e820: last_pfn = 0x3fff0 max_arch_pfn = 0x400000000
[    0.000000] MTRR: Disabled
[    0.000000] x86/PAT: MTRRs disabled, skipping PAT initialization too.
[    0.000000] CPU MTRRs all blank - virtualized system.
[    0.000000] x86/PAT: Configuration [0-7]: WB  WT  UC- UC  WB  WT  UC- UC  
[    0.000000] found SMP MP-table at [mem 0x0009fff0-0x0009ffff]
[    0.000000] Scanning 1 areas for low memory corruption
[    0.000000] RAMDISK: [mem 0x359c5000-0x36cd9fff]
[    0.000000] ACPI: Early table checksum verification disabled
[    0.000000] ACPI: RSDP 0x00000000000E0000 000024 (v02 VBOX  )
[    0.000000] ACPI: XSDT 0x000000003FFF0030 00003C (v01 VBOX   VBOXXSDT 00000001 ASL  00000061)
[    0.000000] ACPI: FACP 0x000000003FFF00F0 0000F4 (v04 VBOX   VBOXFACP 00000001 ASL  00000061)
[    0.000000] ACPI: DSDT 0x000000003FFF0470 002325 (v02 VBOX   VBOXBIOS 00000002 INTL 20100528)
[    0.000000] ACPI: FACS 0x000000003FFF0200 000040
[    0.000000] ACPI: FACS 0x000000003FFF0200 000040
[    0.000000] ACPI: APIC 0x000000003FFF0240 00005C (v02 VBOX   VBOXAPIC 00000001 ASL  00000061)
[    0.000000] ACPI: SSDT 0x000000003FFF02A0 0001CC (v01 VBOX   VBOXCPUT 00000002 INTL 20100528)
[    0.000000] ACPI: Reserving FACP table memory at [mem 0x3fff00f0-0x3fff01e3]
[    0.000000] ACPI: Reserving DSDT table memory at [mem 0x3fff0470-0x3fff2794]
[    0.000000] ACPI: Reserving FACS table memory at [mem 0x3fff0200-0x3fff023f]
[    0.000000] ACPI: Reserving FACS table memory at [mem 0x3fff0200-0x3fff023f]
[    0.000000] ACPI: Reserving APIC table memory at [mem 0x3fff0240-0x3fff029b]
[    0.000000] ACPI: Reserving SSDT table memory at [mem 0x3fff02a0-0x3fff046b]
[    0.000000] No NUMA configuration found
[    0.000000] Faking a node at [mem 0x0000000000000000-0x000000003ffeffff]
[    0.000000] NODE_DATA(0) allocated [mem 0x3ffc5000-0x3ffeffff]
[    0.000000] kvm-clock: cpu 0, msr 0:3ff44001, primary cpu clock
[    0.000000] kvm-clock: Using msrs 4b564d01 and 4b564d00
[    0.000000] kvm-clock: using sched offset of 4440632049 cycles
[    0.000000] clocksource: kvm-clock: mask: 0xffffffffffffffff max_cycles: 0x1cd42e4dffb, max_idle_ns: 881590591483 ns
[    0.000000] Zone ranges:
[    0.000000]   DMA      [mem 0x0000000000001000-0x0000000000ffffff]
[    0.000000]   DMA32    [mem 0x0000000001000000-0x000000003ffeffff]
[    0.000000]   Normal   empty
[    0.000000]   Device   empty
[    0.000000] Movable zone start for each node
[    0.000000] Early memory node ranges
[    0.000000]   node   0: [mem 0x0000000000001000-0x000000000009efff]
[    0.000000]   node   0: [mem 0x0000000000100000-0x000000003ffeffff]
[    0.000000] Reserved but unavailable: 104 pages
[    0.000000] Initmem setup node 0 [mem 0x0000000000001000-0x000000003ffeffff]
[    0.000000] ACPI: PM-Timer IO Port: 0x4008
[    0.000000] IOAPIC[0]: apic_id 2, version 32, address 0xfec00000, GSI 0-23
[    0.000000] ACPI: INT_SRC_OVR (bus 0 bus_irq 0 global_irq 2 dfl dfl)
[    0.000000] ACPI: INT_SRC_OVR (bus 0 bus_irq 9 global_irq 9 low level)
[    0.000000] Using ACPI (MADT) for SMP configuration information
[    0.000000] smpboot: Allowing 2 CPUs, 0 hotplug CPUs
[    0.000000] PM: Registered nosave memory: [mem 0x00000000-0x00000fff]
[    0.000000] PM: Registered nosave memory: [mem 0x0009f000-0x0009ffff]
[    0.000000] PM: Registered nosave memory: [mem 0x000a0000-0x000effff]
[    0.000000] PM: Registered nosave memory: [mem 0x000f0000-0x000fffff]
[    0.000000] e820: [mem 0x40000000-0xfebfffff] available for PCI devices
[    0.000000] Booting paravirtualized kernel on KVM
[    0.000000] clocksource: refined-jiffies: mask: 0xffffffff max_cycles: 0xffffffff, max_idle_ns: 7645519600211568 ns
[    0.000000] random: get_random_bytes called from start_kernel+0x99/0x500 with crng_init=0
[    0.000000] setup_percpu: NR_CPUS:8192 nr_cpumask_bits:2 nr_cpu_ids:2 nr_node_ids:1
[    0.000000] percpu: Embedded 50 pages/cpu s167936 r8192 d28672 u1048576
[    0.000000] PV qspinlock hash table entries: 256 (order: 0, 4096 bytes)
[    0.000000] Built 1 zonelists, mobility grouping on.  Total pages: 257913
[    0.000000] Policy zone: DMA32
[    0.000000] Kernel command line: BOOT_IMAGE=/boot/vmlinuz-4.15.0-189-generic root=LABEL=cloudimg-rootfs ro console=tty1 console=ttyS0
[    0.000000] Memory: 982636K/1048120K available (12300K kernel code, 2484K rwdata, 4324K rodata, 2468K init, 2724K bss, 65484K reserved, 0K cma-reserved)
[    0.000000] SLUB: HWalign=64, Order=0-3, MinObjects=0, CPUs=2, Nodes=1
[    0.000000] Kernel/User page tables isolation: enabled
[    0.000000] ftrace: allocating 39515 entries in 155 pages
[    0.004000] Hierarchical RCU implementation.
[    0.004000] 	RCU restricting CPUs from NR_CPUS=8192 to nr_cpu_ids=2.
[    0.004000] 	Tasks RCU enabled.
[    0.004000] RCU: Adjusting geometry for rcu_fanout_leaf=16, nr_cpu_ids=2
[    0.004000] NR_IRQS: 524544, nr_irqs: 440, preallocated irqs: 16
[    0.004000] Console: colour VGA+ 80x25
[    0.004000] console [tty1] enabled
[    0.004000] console [ttyS0] enabled
[    0.004000] ACPI: Core revision 20170831
[    0.004000] ACPI: 2 ACPI AML tables successfully acquired and loaded
[    0.004000] APIC: Switch to symmetric I/O mode setup
[    0.004000] x2apic enabled
[    0.004000] Switched APIC routing to physical x2apic.
[    0.007833] ..TIMER: vector=0x30 apic1=0 pin1=2 apic2=-1 pin2=-1
[    0.008005] tsc: Detected 3491.914 MHz processor
[    0.012011] Calibrating delay loop (skipped) preset value.. 6983.82 BogoMIPS (lpj=13967656)
[    0.014600] pid_max: default: 32768 minimum: 301
[    0.016063] Security Framework initialized
[    0.017405] Yama: becoming mindful.
[    0.018572] AppArmor: AppArmor initialized
[    0.021513] Dentry cache hash table entries: 131072 (order: 8, 1048576 bytes)
[    0.024109] Inode-cache hash table entries: 65536 (order: 7, 524288 bytes)
[    0.026173] Mount-cache hash table entries: 2048 (order: 2, 16384 bytes)
[    0.028012] Mountpoint-cache hash table entries: 2048 (order: 2, 16384 bytes)
[    0.032458] Last level iTLB entries: 4KB 1024, 2MB 1024, 4MB 1024
[    0.034271] Last level dTLB entries: 4KB 1024, 2MB 1024, 4MB 1024, 1GB 4
[    0.036004] Spectre V1 : Mitigation: usercopy/swapgs barriers and __user pointer sanitization
[    0.040007] Spectre V2 : Mitigation: Retpolines
[    0.042101] Spectre V2 : Spectre v2 / SpectreRSB mitigation: Filling RSB on context switch
[    0.044005] Speculative Store Bypass: Vulnerable
[    0.045684] MDS: Mitigation: Clear CPU buffers
[    0.048005] SRBDS: Unknown: Dependent on hypervisor status
[    0.052134] Freeing SMP alternatives memory: 36K
[    0.165316] smpboot: CPU0: Intel(R) Core(TM) i5-4690 CPU @ 3.50GHz (family: 0x6, model: 0x3c, stepping: 0x3)
[    0.168000] Performance Events: unsupported p6 CPU model 60 no PMU driver, software events only.
[    0.168048] Hierarchical SRCU implementation.
[    0.172443] NMI watchdog: Perf event create on CPU 0 failed with -2
[    0.174534] NMI watchdog: Perf NMI watchdog permanently disabled
[    0.176089] smp: Bringing up secondary CPUs ...
[    0.178199] x86: Booting SMP configuration:
[    0.180004] .... node  #0, CPUs:      #1
[    0.004000] kvm-clock: cpu 1, msr 0:3ff44041, secondary cpu clock
[    0.186015] smp: Brought up 1 node, 2 CPUs
[    0.186015] smpboot: Max logical packages: 1
[    0.188008] smpboot: Total of 2 processors activated (13967.65 BogoMIPS)
[    0.190597] devtmpfs: initialized
[    0.192097] x86/mm: Memory block size: 128MB
[    0.193935] evm: security.selinux
[    0.195022] evm: security.SMACK64
[    0.196005] evm: security.SMACK64EXEC
[    0.197148] evm: security.SMACK64TRANSMUTE
[    0.198399] evm: security.SMACK64MMAP
[    0.199537] evm: security.apparmor
[    0.200004] evm: security.ima
[    0.201002] evm: security.capability
[    0.202207] clocksource: jiffies: mask: 0xffffffff max_cycles: 0xffffffff, max_idle_ns: 7645041785100000 ns
[    0.204019] futex hash table entries: 512 (order: 3, 32768 bytes)
[    0.205850] pinctrl core: initialized pinctrl subsystem
[    0.209338] RTC time:  8:47:30, date: 07/21/22
[    0.212368] NET: Registered protocol family 16
[    0.214111] audit: initializing netlink subsys (disabled)
[    0.216044] audit: type=2000 audit(1658393256.592:1): state=initialized audit_enabled=0 res=1
[    0.216230] cpuidle: using governor ladder
[    0.220016] cpuidle: using governor menu
[    0.221627] ACPI: bus type PCI registered
[    0.224005] acpiphp: ACPI Hot Plug PCI Controller Driver version: 0.5
[    0.226058] PCI: Using configuration type 1 for base access
[    0.230918] HugeTLB registered 2.00 MiB page size, pre-allocated 0 pages
[    0.232124] ACPI: Added _OSI(Module Device)
[    0.233509] ACPI: Added _OSI(Processor Device)
[    0.234886] ACPI: Added _OSI(3.0 _SCP Extensions)
[    0.236006] ACPI: Added _OSI(Processor Aggregator Device)
[    0.237667] ACPI: Added _OSI(Linux-Dell-Video)
[    0.240007] ACPI: Added _OSI(Linux-Lenovo-NV-HDMI-Audio)
[    0.241579] ACPI: Added _OSI(Linux-HPI-Hybrid-Graphics)
[    0.244118] ACPI: Executed 1 blocks of module-level executable AML code
[    0.259656] ACPI: Interpreter enabled
[    0.260030] ACPI: (supports S0 S5)
[    0.261139] ACPI: Using IOAPIC for interrupt routing
[    0.264707] PCI: Using host bridge windows from ACPI; if necessary, use "pci=nocrs" and report a bug
[    0.267884] ACPI: Enabled 2 GPEs in block 00 to 07
[    0.290566] ACPI: PCI Root Bridge [PCI0] (domain 0000 [bus 00-ff])
[    0.292012] acpi PNP0A03:00: _OSC: OS supports [ASPM ClockPM Segments MSI]
[    0.296606] acpi PNP0A03:00: _OSC: not requesting OS control; OS requires [ExtendedConfig ASPM ClockPM MSI]
[    0.299679] acpi PNP0A03:00: fail to add MMCONFIG information, can't access extended PCI configuration space under this bridge.
[    0.304016] PCI host bridge to bus 0000:00
[    0.305421] pci_bus 0000:00: root bus resource [io  0x0000-0x0cf7 window]
[    0.307520] pci_bus 0000:00: root bus resource [io  0x0d00-0xffff window]
[    0.308006] pci_bus 0000:00: root bus resource [mem 0x000a0000-0x000bffff window]
[    0.312008] pci_bus 0000:00: root bus resource [mem 0x40000000-0xfdffffff window]
[    0.314386] pci_bus 0000:00: root bus resource [bus 00-ff]
[    0.320863] pci 0000:00:01.1: legacy IDE quirk: reg 0x10: [io  0x01f0-0x01f7]
[    0.323039] pci 0000:00:01.1: legacy IDE quirk: reg 0x14: [io  0x03f6]
[    0.324007] pci 0000:00:01.1: legacy IDE quirk: reg 0x18: [io  0x0170-0x0177]
[    0.326153] pci 0000:00:01.1: legacy IDE quirk: reg 0x1c: [io  0x0376]
[    0.353795] pci 0000:00:07.0: quirk: [io  0x4000-0x403f] claimed by PIIX4 ACPI
[    0.356023] pci 0000:00:07.0: quirk: [io  0x4100-0x410f] claimed by PIIX4 SMB
[    0.371599] ACPI: PCI Interrupt Link [LNKA] (IRQs 5 9 10 *11)
[    0.372919] ACPI: PCI Interrupt Link [LNKB] (IRQs 5 9 *10 11)
[    0.376250] ACPI: PCI Interrupt Link [LNKC] (IRQs 5 *9 10 11)
[    0.378372] ACPI: PCI Interrupt Link [LNKD] (IRQs 5 9 10 *11)
[    0.380731] SCSI subsystem initialized
[    0.382093] pci 0000:00:02.0: vgaarb: setting as boot VGA device
[    0.382093] pci 0000:00:02.0: vgaarb: VGA device added: decodes=io+mem,owns=io+mem,locks=none
[    0.384012] pci 0000:00:02.0: vgaarb: bridge control possible
[    0.388007] vgaarb: loaded
[    0.389093] ACPI: bus type USB registered
[    0.390409] usbcore: registered new interface driver usbfs
[    0.392025] usbcore: registered new interface driver hub
[    0.396012] usbcore: registered new device driver usb
[    0.397649] EDAC MC: Ver: 3.0.0
[    0.397649] PCI: Using ACPI for IRQ routing
[    0.400429] NetLabel: Initializing
[    0.401569] NetLabel:  domain hash size = 128
[    0.402905] NetLabel:  protocols = UNLABELED CIPSOv4 CALIPSO
[    0.404028] NetLabel:  unlabeled traffic allowed by default
[    0.405918] clocksource: Switched to clocksource kvm-clock
[    0.442699] VFS: Disk quotas dquot_6.6.0
[    0.446376] VFS: Dquot-cache hash table entries: 512 (order 0, 4096 bytes)
[    0.454729] AppArmor: AppArmor Filesystem Enabled
[    0.457471] pnp: PnP ACPI init
[    0.460850] pnp: PnP ACPI: found 3 devices
[    0.471121] clocksource: acpi_pm: mask: 0xffffff max_cycles: 0xffffff, max_idle_ns: 2085701024 ns
[    0.473959] NET: Registered protocol family 2
[    0.475526] IP idents hash table entries: 16384 (order: 5, 131072 bytes)
[    0.479710] TCP established hash table entries: 8192 (order: 4, 65536 bytes)
[    0.481879] TCP bind hash table entries: 8192 (order: 5, 131072 bytes)
[    0.483895] TCP: Hash tables configured (established 8192 bind 8192)
[    0.486272] UDP hash table entries: 512 (order: 2, 16384 bytes)
[    0.489567] UDP-Lite hash table entries: 512 (order: 2, 16384 bytes)
[    0.491863] NET: Registered protocol family 1
[    0.493706] pci 0000:00:00.0: Limiting direct PCI/PCI transfers
[    0.495434] pci 0000:00:01.0: Activating ISA DMA hang workarounds
[    0.497310] pci 0000:00:02.0: Video device with shadowed ROM at [mem 0x000c0000-0x000dffff]
[    0.500156] Unpacking initramfs...
[    1.129934] Freeing initrd memory: 19540K
[    1.131474] clocksource: tsc: mask: 0xffffffffffffffff max_cycles: 0x32557ae966b, max_idle_ns: 440795369289 ns
[    1.137216] platform rtc_cmos: registered platform RTC device (no PNP device found)
[    1.144938] Scanning for low memory corruption every 60 seconds
[    1.149431] Initialise system trusted keyrings
[    1.151098] Key type blacklist registered
[    1.152573] workingset: timestamp_bits=36 max_order=18 bucket_order=0
[    1.156342] zbud: loaded
[    1.157782] squashfs: version 4.0 (2009/01/31) Phillip Lougher
[    1.162056] fuse init (API version 7.26)
[    1.180755] Key type asymmetric registered
[    1.185365] Asymmetric key parser 'x509' registered
[    1.187054] Block layer SCSI generic (bsg) driver version 0.4 loaded (major 246)
[    1.191548] io scheduler noop registered
[    1.193047] io scheduler deadline registered
[    1.194640] io scheduler cfq registered (default)
[    1.196349] ACPI: AC Adapter [AC] (on-line)
[    1.197672] input: Power Button as /devices/LNXSYSTM:00/LNXPWRBN:00/input/input0
[    1.199894] ACPI: Power Button [PWRF]
[    1.201325] input: Sleep Button as /devices/LNXSYSTM:00/LNXSLPBN:00/input/input1
[    1.207887] ACPI: Sleep Button [SLPF]
[    1.213846] Serial: 8250/16550 driver, 32 ports, IRQ sharing enabled
[    1.242522] 00:02: ttyS0 at I/O 0x3f8 (irq = 4, base_baud = 115200) is a 16550A
[    1.254807] Linux agpgart interface v0.103
[    1.264603] loop: module loaded
[    1.268539] scsi host0: ata_piix
[    1.270222] scsi host1: ata_piix
[    1.271525] ata1: PATA max UDMA/33 cmd 0x1f0 ctl 0x3f6 bmdma 0xd000 irq 14
[    1.273823] ata2: PATA max UDMA/33 cmd 0x170 ctl 0x376 bmdma 0xd008 irq 15
[    1.276708] tun: Universal TUN/TAP device driver, 1.6
[    1.278626] PPP generic driver version 2.4.2
[    1.281253] ehci_hcd: USB 2.0 'Enhanced' Host Controller (EHCI) Driver
[    1.284825] ehci-pci: EHCI PCI platform driver
[    1.286201] ehci-platform: EHCI generic platform driver
[    1.287709] ohci_hcd: USB 1.1 'Open' Host Controller (OHCI) Driver
[    1.289502] ohci-pci: OHCI PCI platform driver
[    1.290908] ohci-platform: OHCI generic platform driver
[    1.292537] uhci_hcd: USB Universal Host Controller Interface driver
[    1.294703] i8042: PNP: PS/2 Controller [PNP0303:PS2K,PNP0f03:PS2M] at 0x60,0x64 irq 1,12
[    1.302528] serio: i8042 KBD port at 0x60,0x64 irq 1
[    1.310345] serio: i8042 AUX port at 0x60,0x64 irq 12
[    1.312325] mousedev: PS/2 mouse device common for all mice
[    1.318804] input: AT Translated Set 2 keyboard as /devices/platform/i8042/serio0/input/input2
[    1.321906] rtc_cmos rtc_cmos: rtc core: registered rtc_cmos as rtc0
[    1.323776] rtc_cmos rtc_cmos: alarms up to one day, 114 bytes nvram
[    1.325791] i2c /dev entries driver
[    1.327166] device-mapper: uevent: version 1.0.3
[    1.328946] device-mapper: ioctl: 4.37.0-ioctl (2017-09-20) initialised: dm-devel@redhat.com
[    1.331638] ledtrig-cpu: registered to indicate activity on CPUs
[    1.334045] NET: Registered protocol family 10
[    1.351216] Segment Routing with IPv6
[    1.352614] NET: Registered protocol family 17
[    1.354177] Key type dns_resolver registered
[    1.355882] mce: Using 0 MCE banks
[    1.357140] RAS: Correctable Errors collector initialized.
[    1.358905] sched_clock: Marking stable (1357112519, 0)->(1696429896, -339317377)
[    1.361995] registered taskstats version 1
[    1.363502] Loading compiled-in X.509 certificates
[    1.371291] Loaded X.509 cert 'Build time autogenerated kernel key: 9c4811ffd453f4b0c13447eb15d717d926dfaff5'
[    1.375559] Loaded X.509 cert 'Canonical Ltd. Live Patch Signing: 14df34d1a87cf37625abec039ef2bf521249b969'
[    1.384923] Loaded X.509 cert 'Canonical Ltd. Kernel Module Signing: 88f752e560a1e0737e31163a466ad7b70a850c19'
[    1.388354] blacklist: Loading compiled-in revocation X.509 certificates
[    1.390702] Loaded X.509 cert 'Canonical Ltd. Secure Boot Signing: 61482aa2830d0ab2ad5af10b7250da9033ddcef0'
[    1.393876] zswap: loaded using pool lzo/zbud
[    1.404803] Key type big_key registered
[    1.406122] Key type trusted registered
[    1.419644] Key type encrypted registered
[    1.421029] AppArmor: AppArmor sha1 policy hashing enabled
[    1.423273] ima: No TPM chip found, activating TPM-bypass! (rc=-19)
[    1.425603] ima: Allocated hash algorithm: sha1
[    1.427103] evm: HMAC attrs: 0x1
[    1.428552]   Magic number: 14:666:776
[    1.429861] rtc_cmos rtc_cmos: setting system clock to 2022-07-21 08:47:32 UTC (1658393252)
[    1.432601] BIOS EDD facility v0.16 2004-Jun-25, 0 devices found
[    1.434497] EDD information not available.
[    1.480385] Freeing unused kernel image memory: 2468K
[    1.492813] Write protecting the kernel read-only data: 20480k
[    1.495879] Freeing unused kernel image memory: 2008K
[    1.498195] Freeing unused kernel image memory: 1820K
[    1.528357] x86/mm: Checked W+X mappings: passed, no W+X pages found.
[    1.530532] x86/mm: Checking user space page tables
[    1.565736] x86/mm: Checked W+X mappings: passed, no W+X pages found.
Loading, please wait...
starting version 237
[    1.695896] e1000: Intel(R) PRO/1000 Network Driver - version 7.3.21-k8-NAPI
[    1.698031] e1000: Copyright (c) 1999-2006 Intel Corporation.
[    1.709562] Fusion MPT base driver 3.04.20
[    1.711099] Copyright (c) 1999-2008 LSI Corporation
[    1.722821] Fusion MPT SPI Host driver 3.04.20
[    1.733404] AVX2 version of gcm_enc/dec engaged.
[    1.734805] AES CTR mode by8 optimization enabled
[    1.944352] input: ImExPS/2 Generic Explorer Mouse as /devices/platform/i8042/serio1/input/input4
[    2.236238] e1000 0000:00:03.0 eth0: (PCI:33MHz:32-bit) 02:70:df:2f:2a:c8
[    2.238490] e1000 0000:00:03.0 eth0: Intel(R) PRO/1000 Network Connection
[    2.244120] mptbase: ioc0: Initiating bringup
[    2.244136] e1000 0000:00:03.0 enp0s3: renamed from eth0
[    2.357321] ioc0: LSI53C1030 A0: Capabilities={Initiator}
[    2.600870] scsi host2: ioc0: LSI53C1030 A0, FwRev=00000000h, Ports=1, MaxQ=256, IRQ=20
[    2.777095] scsi 2:0:0:0: Direct-Access     VBOX     HARDDISK         1.0  PQ: 0 ANSI: 5
[    2.812043] scsi target2:0:0: Beginning Domain Validation
[    2.823077] scsi target2:0:0: Domain Validation skipping write tests
[    2.827332] scsi target2:0:0: Ending Domain Validation
[    2.830852] scsi target2:0:0: asynchronous
[    2.837042] scsi 2:0:1:0: Direct-Access     VBOX     HARDDISK         1.0  PQ: 0 ANSI: 5
[    2.872429] scsi target2:0:1: Beginning Domain Validation
[    2.879296] random: fast init done
[    2.885270] scsi target2:0:1: Domain Validation skipping write tests
[    2.887876] scsi target2:0:1: Ending Domain Validation
[    2.890430] scsi target2:0:1: asynchronous
[    2.900093] random: systemd-udevd: uninitialized urandom read (16 bytes read)
[    2.903347] random: systemd-udevd: uninitialized urandom read (16 bytes read)
[    2.906983] sd 2:0:0:0: Attached scsi generic sg0 type 0
[    2.907284] sd 2:0:0:0: [sda] 83886080 512-byte logical blocks: (42.9 GB/40.0 GiB)
[    2.913915] sd 2:0:1:0: Attached scsi generic sg1 type 0
[    2.916871] random: systemd-udevd: uninitialized urandom read (16 bytes read)
[    2.917851] sd 2:0:0:0: [sda] Write Protect is off
[    2.930390] sd 2:0:0:0: [sda] Incomplete mode parameter data
[    2.930407] sd 2:0:1:0: [sdb] 20480 512-byte logical blocks: (10.5 MB/10.0 MiB)
[    2.933327] sd 2:0:0:0: [sda] Assuming drive cache: write through
[    2.938989] sd 2:0:1:0: [sdb] Write Protect is off
[    2.939706]  sda: sda1
[    2.943095] sd 2:0:1:0: [sdb] Incomplete mode parameter data
[    2.943761] sd 2:0:0:0: [sda] Attached SCSI disk
[    2.944828] sd 2:0:1:0: [sdb] Assuming drive cache: write through
[    2.952139] sd 2:0:1:0: [sdb] Attached SCSI disk
Begin: Loading essential drivers ... [    4.964103] raid6: sse2x1   gen()  2582 MB/s
[    5.012085] raid6: sse2x1   xor()  2036 MB/s
[    5.060064] raid6: sse2x2   gen()  6329 MB/s
[    5.108104] raid6: sse2x2   xor()  3115 MB/s
[    5.156059] raid6: sse2x4   gen()  7652 MB/s
[    5.204189] raid6: sse2x4   xor()  4444 MB/s
[    5.252079] raid6: avx2x1   gen()  6360 MB/s
[    5.300076] raid6: avx2x1   xor()  3330 MB/s
[    5.348076] raid6: avx2x2   gen() 10718 MB/s
[    5.396076] raid6: avx2x2   xor()  5947 MB/s
[    5.444108] raid6: avx2x4   gen() 16021 MB/s
[    5.492098] raid6: avx2x4   xor()  8864 MB/s
[    5.493565] raid6: using algorithm avx2x4 gen() 16021 MB/s
[    5.495174] raid6: .... xor() 8864 MB/s, rmw enabled
[    5.496662] raid6: using avx2x2 recovery algorithm
[    5.501215] xor: automatically using best checksumming function   avx       
[    5.505407] async_tx: api initialized (async)
done.
Begin: Running /scripts/init-premount ... done.
Begin: Mounting root file system ... Begin: Running /scripts/local-top ... done.
Begin: Running /scripts/local-premount ... [    5.604413] Btrfs loaded, crc32c=crc32c-intel
Scanning for Btrfs filesystems
done.
Warning: fsck not present, so skipping root file system
[    5.647233] EXT4-fs (sda1): mounted filesystem with ordered data mode. Opts: (null)
done.
Begin: Running /scripts/local-bottom ... done.
Begin: Running /scripts/init-bottom ... done.
[    5.864875] ip_tables: (C) 2000-2006 Netfilter Core Team
[    5.875446] systemd[1]: systemd 237 running in system mode. (+PAM +AUDIT +SELINUX +IMA +APPARMOR +SMACK +SYSVINIT +UTMP +LIBCRYPTSETUP +GCRYPT +GNUTLS +ACL +XZ +LZ4 +SECCOMP +BLKID +ELFUTILS +KMOD -IDN2 +IDN -PCRE2 default-hierarchy=hybrid)
[    5.882149] systemd[1]: Detected virtualization oracle.
[    5.883765] systemd[1]: Detected architecture x86-64.

Welcome to [1mUbuntu 18.04.6 LTS[0m!

[    5.897443] systemd[1]: Set hostname to <ubuntu>.
[    5.901985] systemd[1]: Initializing machine ID from random generator.
[    5.903944] systemd[1]: Installed transient /etc/machine-id file.
[    6.432777] systemd[1]: Reached target Swap.
[[0;32m  OK  [0m] Reached target Swap.
[    6.437281] systemd[1]: Created slice User and Session Slice.
[[0;32m  OK  [0m] Created slice User and Session Slice.
[    6.440314] systemd[1]: Reached target User and Group Name Lookups.
[[0;32m  OK  [0m] Reached target User and Group Name Lookups.
[    6.443636] systemd[1]: Set up automount Arbitrary Executable File Formats File System Automount Point.
[[0;32m  OK  [0m] Set up automount Arbitrary Executabâ€¦rmats File System Automount Point.
[[0;32m  OK  [0m] Reached target System Time Synchronized.
[[0;32m  OK  [0m] Created slice System Slice.
[[0;32m  OK  [0m] Listening on LVM2 poll daemon socket.
[[0;32m  OK  [0m] Listening on Network Service Netlink Socket.
[[0;32m  OK  [0m] Listening on Journal Socket (/dev/log).
[[0;32m  OK  [0m] Listening on Device-mapper event daemon FIFOs.
[[0;32m  OK  [0m] Listening on /dev/initctl Compatibility Named Pipe.
[[0;32m  OK  [0m] Listening on udev Control Socket.
[[0;32m  OK  [0m] Reached target Slices.
[[0;32m  OK  [0m] Listening on LVM2 metadata daemon socket.
[[0;32m  OK  [0m] Listening on udev Kernel Socket.
[[0;32m  OK  [0m] Listening on Journal Socket.
         Starting Monitoring of LVM2 mirrorsâ€¦ng dmeventd or progress polling...
         Starting Uncomplicated firewall...
         Mounting POSIX Message Queue File System...
         Mounting Kernel Debug File System...
         Starting Load Kernel Modules...
         Starting Set the console keyboard layout...
[    6.515370] Loading iSCSI transport class v2.0-870.
[    6.524249] iscsi: registered transport (tcp)
[[0;32m  OK  [0m] Listening on fsck to fsckd communication Socket.
         Starting File System Check on Root Device...
         Starting udev Coldplug all Devices...
[[0;32m  OK  [0m] Created slice system-serial\x2dgetty.slice.
[[0;32m  OK  [0m] Started Forward Password Requests to Wall Directory Watch.
[[0;32m  OK  [0m] Listening on Journal Audit Socket.
[[0;32m  OK  [0m] Listening on Syslog Socket.
         Starting Journal Service...
         Mounting Huge Pages File System...
         Starting Create list of required stâ€¦ce nodes for the current kernel...
[[0;32m  OK  [0m] Started Uncomplicated firewall.
[[0;32m  OK  [0m] Mounted POSIX Message Queue File System.
[[0;32m  OK  [0m] Mounted Kernel Debug File System.
[[0;32m  OK  [0m] Mounted Huge Pages File System.
[    6.601848] iscsi: registered transport (iser)
[[0;32m  OK  [0m] Started Load Kernel Modules.
         Starting Apply Kernel Variables...
         Mounting Kernel Configuration File System...
         Mounting FUSE Control File System...
[[0;32m  OK  [0m] Mounted Kernel Configuration File System.
[[0;32m  OK  [0m] Mounted FUSE Control File System.
[[0;32m  OK  [0m] Started File System Check Daemon to report status.
[[0;32m  OK  [0m] Started Create list of required staâ€¦vice nodes for the current kernel.
         Starting Create Static Device Nodes in /dev...
[[0;32m  OK  [0m] Started LVM2 metadata daemon.
[[0;32m  OK  [0m] Started Journal Service.
[[0;32m  OK  [0m] Started Create Static Device Nodes in /dev.
[[0;32m  OK  [0m] Started udev Coldplug all Devices.
[[0;32m  OK  [0m] Started Apply Kernel Variables.
[[0;32m  OK  [0m] Started File System Check on Root Device.
         Starting Remount Root and Kernel File Systems...
[[0;32m  OK  [0m] Started Monitoring of LVM2 mirrors,â€¦sing dmeventd or progress polling.
[[0;32m  OK  [0m] Started Remount Root and Kernel File Systems.
         Starting Flush Journal to Persistent Storage...
         Starting udev Kernel Device Manager...
         Starting Load/Save Random Seed...
[[0;32m  OK  [0m] Started Load/Save Random Seed.
[[0;32m  OK  [0m] Started udev Kernel Device Manager.
[[0;32m  OK  [0m] Started Flush Journal to Persistent Storage.
[[0;32m  OK  [0m] Found device /dev/ttyS0.
[[0;32m  OK  [0m] Listening on Load/Save RF Kill Switch Status /dev/rfkill Watch.
[[0;32m  OK  [0m] Started Set the console keyboard layout.
[[0;32m  OK  [0m] Reached target Local File Systems (Pre).
[[0;32m  OK  [0m] Reached target Local File Systems.
         Starting ebtables ruleset management...
         Starting Tell Plymouth To Write Out Runtime Data...
         Starting Create Volatile Files and Directories...
         Starting Commit a transient machine-id on disk...
         Starting Set console font and keymap...
         Starting AppArmor initialization...
[[0;32m  OK  [0m] Started Dispatch Password Requests to Console Directory Watch.
[[0;32m  OK  [0m] Reached target Local Encrypted Volumes.
[[0;32m  OK  [0m] Started Tell Plymouth To Write Out Runtime Data.
[[0;32m  OK  [0m] Started Create Volatile Files and Directories.
         Starting Update UTMP about System Boot/Shutdown...
[[0;32m  OK  [0m] Started Commit a transient machine-id on disk.
[[0;32m  OK  [0m] Started Update UTMP about System Boot/Shutdown.
[[0;32m  OK  [0m] Started ebtables ruleset management.
[[0;32m  OK  [0m] Started Set console font and keymap.
[[0;32m  OK  [0m] Started AppArmor initialization.
         Starting Initial cloud-init job (pre-networking)...
         Starting Load AppArmor profiles managed internally by snapd...
[[0;32m  OK  [0m] Started Load AppArmor profiles managed internally by snapd.
[   13.320268] cloud-init[827]: Cloud-init v. 22.2-0ubuntu1~18.04.3 running 'init-local' at Thu, 21 Jul 2022 08:47:43 +0000. Up 12.78 seconds.
[[0;32m  OK  [0m] Started Initial cloud-init job (pre-networking).
[[0;32m  OK  [0m] Reached target Network (Pre).
         Starting Network Service...
[[0;32m  OK  [0m] Started Network Service.
         Starting Network Name Resolution...
         Starting Wait for Network to be Configured...
[[0;32m  OK  [0m] Started Network Name Resolution.
[[0;32m  OK  [0m] Reached target Network.
[[0;32m  OK  [0m] Reached target Host and Network Name Lookups.
[[0;32m  OK  [0m] Started Wait for Network to be Configured.
         Starting Initial cloud-init job (metadata service crawler)...
[   15.732351] cloud-init[967]: Cloud-init v. 22.2-0ubuntu1~18.04.3 running 'init' at Thu, 21 Jul 2022 08:47:46 +0000. Up 15.40 seconds.
[   15.744232] cloud-init[967]: ci-info: ++++++++++++++++++++++++++++++++++++++Net device info++++++++++++++++++++++++++++++++++++++
[   15.745670] cloud-init[967]: ci-info: +--------+------+----------------------------+---------------+--------+-------------------+
[   15.746974] cloud-init[967]: ci-info: | Device |  Up  |          Address           |      Mask     | Scope  |     Hw-Address    |
[   15.748556] cloud-init[967]: ci-info: +--------+------+----------------------------+---------------+--------+-------------------+
[   15.752392] cloud-init[967]: ci-info: | enp0s3 | True |         10.0.2.15          | 255.255.255.0 | global | 02:70:df:2f:2a:c8 |
[   15.753923] cloud-init[967]: ci-info: | enp0s3 | True | fe80::70:dfff:fe2f:2ac8/64 |       .       |  link  | 02:70:df:2f:2a:c8 |
[   15.755617] cloud-init[967]: ci-info: |   lo   | True |         127.0.0.1          |   255.0.0.0   |  host  |         .         |
[   15.757304] cloud-init[967]: ci-info: |   lo   | True |          ::1/128           |       .       |  host  |         .         |
[   15.758935] cloud-init[967]: ci-info: +--------+------+----------------------------+---------------+--------+-------------------+
[   15.760503] cloud-init[967]: ci-info: ++++++++++++++++++++++++++++Route IPv4 info+++++++++++++++++++++++++++++
[   15.776163] cloud-init[967]: ci-info: +-------+-------------+----------+-----------------+-----------+-------+
[   15.779317] cloud-init[967]: ci-info: | Route | Destination | Gateway  |     Genmask     | Interface | Flags |
[   15.780723] cloud-init[967]: ci-info: +-------+-------------+----------+-----------------+-----------+-------+
[   15.796359] cloud-init[967]: ci-info: |   0   |   0.0.0.0   | 10.0.2.2 |     0.0.0.0     |   enp0s3  |   UG  |
[   15.797990] cloud-init[967]: ci-info: |   1   |   10.0.2.0  | 0.0.0.0  |  255.255.255.0  |   enp0s3  |   U   |
[   15.808177] cloud-init[967]: ci-info: |   2   |   10.0.2.2  | 0.0.0.0  | 255.255.255.255 |   enp0s3  |   UH  |
[   15.820195] cloud-init[967]: ci-info: +-------+-------------+----------+-----------------+-----------+-------+
[   15.821626] cloud-init[967]: ci-info: +++++++++++++++++++Route IPv6 info+++++++++++++++++++
[   15.837429] cloud-init[967]: ci-info: +-------+-------------+---------+-----------+-------+
[   15.848346] cloud-init[967]: ci-info: | Route | Destination | Gateway | Interface | Flags |
[   15.867992] cloud-init[967]: ci-info: +-------+-------------+---------+-----------+-------+
[   15.871350] cloud-init[967]: ci-info: |   1   |  fe80::/64  |    ::   |   enp0s3  |   U   |
[   15.885301] cloud-init[967]: ci-info: |   3   |    local    |    ::   |   enp0s3  |   U   |
[   15.886535] cloud-init[967]: ci-info: |   4   |   ff00::/8  |    ::   |   enp0s3  |   U   |
[   15.887708] cloud-init[967]: ci-info: +-------+-------------+---------+-----------+-------+
[   16.842437] cloud-init[967]: Generating public/private rsa key pair.
[   16.843498] cloud-init[967]: Your identification has been saved in /etc/ssh/ssh_host_rsa_key.
[   16.856308] cloud-init[967]: Your public key has been saved in /etc/ssh/ssh_host_rsa_key.pub.
[   16.857558] cloud-init[967]: The key fingerprint is:
[   16.858226] cloud-init[967]: SHA256:wDXmjBZ71ThFlowgNut3CyLDIjaz1hpL/lnbMDBKRU4 root@ubuntu-bionic
[   16.868445] cloud-init[967]: The key's randomart image is:
[   16.870341] cloud-init[967]: +---[RSA 2048]----+
[   16.880258] cloud-init[967]: |   E  = =..B+.   |
[   16.883235] cloud-init[967]: |  +  o % o+.+    |
[   16.886633] cloud-init[967]: |   o  B +  .     |
[   16.887416] cloud-init[967]: |  .. o o         |
[   16.889300] cloud-init[967]: |.=.o+ o S .      |
[   16.904295] cloud-init[967]: |o.*.oo o o .     |
[   16.911218] cloud-init[967]: | * . +    .      |
[   16.912062] cloud-init[967]: |+ + o =          |
[   16.924221] cloud-init[967]: | +.o . .         |
[   16.936312] cloud-init[967]: +----[SHA256]-----+
[   16.937056] cloud-init[967]: Generating public/private dsa key pair.
[   16.937966] cloud-init[967]: Your identification has been saved in /etc/ssh/ssh_host_dsa_key.
[   16.939255] cloud-init[967]: Your public key has been saved in /etc/ssh/ssh_host_dsa_key.pub.
[   16.940482] cloud-init[967]: The key fingerprint is:
[   16.941194] cloud-init[967]: SHA256:vteI060Ktm3CIPdjKJeXWKCSsJBFiQtnbPPvzgafAmI root@ubuntu-bionic
[   16.944633] cloud-init[967]: The key's randomart image is:
[   16.951547] cloud-init[967]: +---[DSA 1024]----+
[   16.952418] cloud-init[967]: | +..             |
[   16.953244] cloud-init[967]: |o O              |
[   16.953958] cloud-init[967]: |.B o             |
[   16.954768] cloud-init[967]: |=   o            |
[[0;32m  OK  [0m[   16.967127] cloud-init[967]: |oo . o  S        |
[   16.967479] cloud-init[967]: |=E+ + o.         |
[   16.967658] cloud-init[967]: |.o + %oo.o +     |
] Started Initial cloud-init job (metadata service crawler).
[   16.968376] cloud-init[967]: |  . *o&++.+ o    |
[   16.971281] cloud-init[967]: |   o *++++..     |
[   16.972150] cloud-init[967]: +----[SHA256]-----+
[[0;32m  OK  [0m[   16.984658] cloud-init[967]: Generating public/private ecdsa key pair.
[   16.985020] cloud-init[967]: Your identification has been saved in /etc/ssh/ssh_host_ecdsa_key.
] Reached target System Initialization.
[   16.985243] cloud-init[967]: Your public key has been saved in /etc/ssh/ssh_host_ecdsa_key.pub.
[[   16.992000] cloud-init[967]: The key fingerprint is:
[   16.992236] cloud-init[967]: SHA256:opQ8yN0rN9e8Y4QeyCnUh1+hioPaMCs62kmRpbdYwvQ root@ubuntu-bionic
[   16.992681] cloud-init[967]: The key's randomart image is:
[   16.993129] [0;32m  OK  [0mcloud-init] [967]: Started Ubuntu Advantage Timer for running repeated jobs.+---[ECDSA 256]---+

[   16.993378] cloud-init[967]: |                 |
[   16.997315] cloud-init[967]: |          .      |
[   16.998132] cloud-init[967]: |  . .. . . .     |
         Starting Socket activation for snappy daemon.
[[0;32m  OK  [0m] Started Daily Cleanup of Temporary Directories.
[[0;32m  OK  [0m] Started Daily apt download activities.
[[0;32m  OK  [0m] Listening on cloud-init hotplug hook socket.
[   17.000297] cloud-init[967]: | + O.oo o .      |
[   17.008075] cloud-init[967]: |  OoEoo*So       |
[[0;32m  OK  [0m] Listening on ACPID Listen Socket.
[   17.023904] cloud-init[967]: |o .B++=o+o.      |
[   17.026425] cloud-init[967]: | *o +o+..oo      |
[   17.027214] cloud-init[967]: |=o.. o o. o.     |
         Starting LXD - unix socket.
[[0;32m  OK  [0m] Listening on UUID daemon activation socket.
[[0;32m  OK  [0m] Started Discard unused blocks once a week.
[   17.030159] cloud-init[967]: |*.o      ...     |
[[0;32m  OK  [0m] Started ACPI Events Check.
[[0;32m  OK  [0m] Reached target Paths.
[[0;32m  OK  [0m] Started Daily apt upgrade and clean activities.
[[0;32m  OK  [0m] Listening on Open-iSCSI iscsid Socket.
[[0;32m  OK  [0m] Listening on D-Bus System Message Bus Socket.
[[0;32m  OK  [0m] Started Message of the Day.
[[0;32m  OK  [0m] Reached target Timers.
[[0;32m  OK  [0m] Reached target Cloud-config availability.
[[0;32m  OK  [0m] Reached target Network is Online.
[   17.044306] cloud-init[967]: +----[SHA256]-----+
[   17.053309] cloud-init[967]: Generating public/private ed25519 key pair.
[   17.054436] cloud-init[967]: Your identification has been saved in /etc/ssh/ssh_host_ed25519_key.
[   17.060801] cloud-init[967]: Your public key has been saved in /etc/ssh/ssh_host_ed25519_key.pub.
[   17.062308] cloud-init[967]: The key fingerprint is:
[   17.063164] cloud-init[967]: SHA256:FYz9l+863RSUZoSE3TlZivJYXTaP2KWxicDeYWaM8gk root@ubuntu-bionic
[   17.065601] cloud-init[967]: The key's randomart image is:
[[0;32m  OK  [0m] Reached target Remote File Systems (Pre).
[[0;32m  OK  [0m] Reached target Remote File Systems.
[   17.068872] cloud-init[967]: +--[ED25519 256]--+
[   17.076951] cloud-init[967]: |         =oo+.=oX|
[   17.077777] cloud-init[967]: |        E =+*O ^o|
         Starting Availability of block devices...
[   17.108105] cloud-init[967]: |         =oB=.%.o|
[[0;32m  OK  [0m[   17.110336] cloud-init[967]: |         .+=o o. |
[   17.110692] cloud-init[967]: |        S . .. ..|
[   17.111267] cloud-init[967]: |                o|
[   17.111849] cloud-init[967]: |               +.|
[   17.112667] cloud-init[967]: |              . +|
[   17.113603] cloud-init[967]: |              .o |
[   17.114074] cloud-init[967]: +----[SHA256]-----+
] Listening on Socket activation for snappy daemon.
[[0;32m  OK  [0m] Listening on LXD - unix socket.
[[0;32m  OK  [0m] Started Availability of block devices.
[[0;32m  OK  [0m] Reached target Sockets.
[[0;32m  OK  [0m] Reached target Basic System.
[[0;32m  OK  [0m] Started Regular background program processing daemon.
         Starting Login Service...
         Starting Accounts Service...
         Starting Pollinate to seed the pseudo random number generator...
[[0;32m  OK  [0m] Started Deferred execution scheduler.
[[0;32m  OK  [0m] Started FUSE filesystem for LXC.
         Starting LSB: Record successful boot for GRUB...
         Starting Dispatcher daemon for systemd-networkd...
         Starting Virtualbox guest utils...
[[0;32m  OK  [0m] Started irqbalance daemon.
         Starting LSB: automatic crash report generation...
         Starting LXD - container startup/shutdown...
         Starting Permit User Sessions...
[[0;32m  OK  [0m] Started D-Bus System Message Bus.
[[0;32m  OK  [0m] Started Login Service.
[[0;32m  OK  [0m] Started Unattended Upgrades Shutdown.
         Starting System Logging Service...
         Starting Snap Daemon...
[[0;32m  OK  [0m] Started Permit User Sessions.
         Starting Hold until boot process finishes up...
         Starting Terminate Plymouth Boot Screen...
[[0;32m  OK  [0m] Started Hold until boot process finishes up.
         Starting Set console scheme...
[[0;32m  OK  [0m] Started Serial Getty on ttyS0.
[[0;32m  OK  [0m] Started Terminate Plymouth Boot Screen.
[[0;32m  OK  [0m] Started LSB: automatic crash report generation.
[[0;32m  OK  [0m] Started LXD - container startup/shutdown.
[[0;32m  OK  [0m] Started Set console scheme.
[[0;32m  OK  [0m] Created slice system-getty.slice.
[[0;32m  OK  [0m] Started Getty on tty1.
[[0;32m  OK  [0m] Reached target Login Prompts.
         Starting Authorization Manager...
[[0;32m  OK  [0m] Started LSB: Record successful boot for GRUB.
[[0;32m  OK  [0m] Started Authorization Manager.
[[0;32m  OK  [0m] Started Accounts Service.
[[0;32m  OK  [0m] Started System Logging Service.
[[0;32m  OK  [0m] Started Virtualbox guest utils.
[[0;32m  OK  [0m] Started Dispatcher daemon for systemd-networkd.
[[0;32m  OK  [0m] Started Snap Daemon.
         Starting Wait until snapd is fully seeded...
         Starting Time & Date Service...
[[0;32m  OK  [0m] Started Time & Date Service.
[[0;32m  OK  [0m] Started Pollinate to seed the pseudo random number generator.
         Starting OpenBSD Secure Shell server...
[[0;32m  OK  [0m] Started OpenBSD Secure Shell server.
[[0;32m  OK  [0m] Created slice User Slice of vagrant.
         Starting User Manager for UID 1000...
[[0;32m  OK  [0m] Started Session 1 of user vagrant.
[[0;32m  OK  [0m] Started User Manager for UID 1000.
[[0;32m  OK  [0m] Started Wait until snapd is fully seeded.
         Starting Apply the settings specified in cloud-config...
[   22.517299] cloud-init[1519]: Cloud-init v. 22.2-0ubuntu1~18.04.3 running 'modules:config' at Thu, 21 Jul 2022 08:47:52 +0000. Up 21.03 seconds.

Ubuntu 18.04.6 LTS ubuntu-bionic ttyS0

ubuntu-bionic login: ci-info: no authorized SSH keys fingerprints found for user ubuntu.
<14>Jul 21 08:47:54 cloud-init: #############################################################
<14>Jul 21 08:47:54 cloud-init: -----BEGIN SSH HOST KEY FINGERPRINTS-----
<14>Jul 21 08:47:54 cloud-init: 1024 SHA256:vteI060Ktm3CIPdjKJeXWKCSsJBFiQtnbPPvzgafAmI root@ubuntu-bionic (DSA)
<14>Jul 21 08:47:54 cloud-init: 256 SHA256:opQ8yN0rN9e8Y4QeyCnUh1+hioPaMCs62kmRpbdYwvQ root@ubuntu-bionic (ECDSA)
<14>Jul 21 08:47:54 cloud-init: 256 SHA256:FYz9l+863RSUZoSE3TlZivJYXTaP2KWxicDeYWaM8gk root@ubuntu-bionic (ED25519)
<14>Jul 21 08:47:54 cloud-init: 2048 SHA256:wDXmjBZ71ThFlowgNut3CyLDIjaz1hpL/lnbMDBKRU4 root@ubuntu-bionic (RSA)
<14>Jul 21 08:47:55 cloud-init: -----END SSH HOST KEY FINGERPRINTS-----
<14>Jul 21 08:47:55 cloud-init: #############################################################
-----BEGIN SSH HOST KEY KEYS-----
ecdsa-sha2-nistp256 AAAAE2VjZHNhLXNoYTItbmlzdHAyNTYAAAAIbmlzdHAyNTYAAABBBEk8fTBzgeQ29KLQB9Oyl0bEAJqwjj6jKPo/K9YsLB/eGSw+RM/dwx6oJDmR1CJFl9/yFb6p4mqw6bKKIc53i6Y= root@ubuntu-bionic
ssh-ed25519 AAAAC3NzaC1lZDI1NTE5AAAAINcC8VrRca4tkwHKGkZHeMd5IMSOjJaFYeMAUobCDuhn root@ubuntu-bionic
ssh-rsa AAAAB3NzaC1yc2EAAAADAQABAAABAQC3t2Us2RH7ivWMJXO3sSyBHs+egLfg82GK1XVsl78mltsqAS6PmB7USWkJdnKrmHv6enezAcU4L6hWaRYKt5YfCZTNcwPiy8esXvriJTdsMXOgKptH1uBEBo2WMyNPNEwjOny7ia5ryEZVXjdN19p/aQiVgTmQQMUwzXxCqaj/3oSgcQALRdSPREx9Y7MwJrONpy5QuErwIEU0VCvezP9e115Qt4megQ5ZI20Cf4NrkuKuCRylqxInsHYoKyo28w5nz8FqbFusCIauIfDHdAzrB1UUaWvtXcAy+vZsyquYy80cx+B3tct6S5XXEh0kgQpENGEAohyAmHumfmFA6Jmt root@ubuntu-bionic
-----END SSH HOST KEY KEYS-----
[   23.986746] cloud-init[1652]: Cloud-init v. 22.2-0ubuntu1~18.04.3 running 'modules:final' at Thu, 21 Jul 2022 08:47:54 +0000. Up 23.55 seconds.
[   23.986955] cloud-init[1652]: Cloud-init v. 22.2-0ubuntu1~18.04.3 finished at Thu, 21 Jul 2022 08:47:55 +0000. Datasource DataSourceNoCloud [seed=/dev/sdb][dsmode=net].  Up 23.96 seconds
